bash: vn: command not found
